{"charinfo":{"id":"yamanaka_ino_s","name":"Yamanaka Ino (S)","description":"\n\t\t\tNot one to be left behind, Ino has trained non-stop to improve her abilities and teamwork. With her improved techniques, Ino can not only control her enemies, but her allies too all while seeing everything on the battlefield.\n\t\t","tags":[],"abilities":[]}}